GPUs: [PhysicalDevice(name='/physical_device:GPU:0', device_type='GPU')]
Epoch 1/1000
2026-10-06 18:01:15.922840: E tensorflow/core/platform/windows/subprocess.cc:287] Call to CreateProcess failed. Error code: 2, command: '"ptxas.exe" "--version"'
2026-10-06 18:01:15.928008: E tensorflow/core/platform/windows/subprocess.cc:287] Call to CreateProcess failed. Error code: 2, command: '"ptxas.exe" "--version"'
2026-10-06 18:01:15.934149: E tensorflow/core/platform/windows/subprocess.cc:287] Call to CreateProcess failed. Error code: 2, command: '"ptxas.exe" "C:\Users\HPVICT~1\AppData\Local\Temp\/tempfile-KARTIKEYA-LAPTO-1ed8-444-65d2b2cbe9b8b" "-o" "C:\Users\HPVICT~1\AppData\Local\Temp\/tempfile-KARTIKEYA-LAPTO-1ed8-444-65d2b2cbea696" "-arch=sm_86" "--warn-on-spills"'
4074/4074 - 527s - loss: 1.2721 - accuracy: 0.5264 - val_loss: 1.5089 - val_accuracy: 0.4703 - 527s/epoch - 129ms/step
Epoch 2/1000
4074/4074 - 143s - loss: 0.7311 - accuracy: 0.7902 - val_loss: 1.2789 - val_accuracy: 0.5858 - 143s/epoch - 35ms/step
Epoch 3/1000
4074/4074 - 144s - loss: 0.5119 - accuracy: 0.8403 - val_loss: 0.4212 - val_accuracy: 0.8875 - 144s/epoch - 35ms/step
Epoch 4/1000
4074/4074 - 144s - loss: 0.4585 - accuracy: 0.8641 - val_loss: 0.2961 - val_accuracy: 0.8998 - 144s/epoch - 35ms/step
Epoch 5/1000
4074/4074 - 144s - loss: 0.4052 - accuracy: 0.8802 - val_loss: 0.2350 - val_accuracy: 0.9214 - 144s/epoch - 35ms/step
Epoch 6/1000
4074/4074 - 144s - loss: 0.4290 - accuracy: 0.8902 - val_loss: 0.2855 - val_accuracy: 0.8974 - 144s/epoch - 35ms/step
Epoch 7/1000
4074/4074 - 144s - loss: 0.3707 - accuracy: 0.8990 - val_loss: 0.2510 - val_accuracy: 0.9372 - 144s/epoch - 35ms/step
Epoch 8/1000
4074/4074 - 144s - loss: 0.3047 - accuracy: 0.9050 - val_loss: 0.2876 - val_accuracy: 0.9089 - 144s/epoch - 35ms/step
Epoch 9/1000
4074/4074 - 142s - loss: 0.3042 - accuracy: 0.9091 - val_loss: 0.7112 - val_accuracy: 0.7689 - 142s/epoch - 35ms/step
Epoch 10/1000
4074/4074 - 140s - loss: 0.2991 - accuracy: 0.9122 - val_loss: 0.1725 - val_accuracy: 0.9407 - 140s/epoch - 34ms/step
Epoch 11/1000
4074/4074 - 140s - loss: 0.2966 - accuracy: 0.9118 - val_loss: 0.2451 - val_accuracy: 0.9161 - 140s/epoch - 34ms/step
Epoch 12/1000
4074/4074 - 140s - loss: 0.2900 - accuracy: 0.9191 - val_loss: 0.1440 - val_accuracy: 0.9524 - 140s/epoch - 34ms/step
Epoch 13/1000
4074/4074 - 140s - loss: 0.2538 - accuracy: 0.9137 - val_loss: 0.1577 - val_accuracy: 0.9451 - 140s/epoch - 34ms/step
Epoch 14/1000
4074/4074 - 139s - loss: 0.2533 - accuracy: 0.9138 - val_loss: 0.1679 - val_accuracy: 0.9434 - 139s/epoch - 34ms/step
Epoch 15/1000
4074/4074 - 137s - loss: 0.2465 - accuracy: 0.9181 - val_loss: 0.8979 - val_accuracy: 0.6890 - 137s/epoch - 34ms/step
Epoch 16/1000
4074/4074 - 137s - loss: 0.2716 - accuracy: 0.9195 - val_loss: 0.3340 - val_accuracy: 0.8851 - 137s/epoch - 34ms/step
Epoch 17/1000
4074/4074 - 137s - loss: 0.2299 - accuracy: 0.9220 - val_loss: 0.2399 - val_accuracy: 0.9152 - 137s/epoch - 34ms/step
Epoch 18/1000
4074/4074 - 137s - loss: 0.2374 - accuracy: 0.9219 - val_loss: 0.1916 - val_accuracy: 0.9332 - 137s/epoch - 34ms/step
Epoch 19/1000
4074/4074 - 137s - loss: 0.2538 - accuracy: 0.9194 - val_loss: 0.2041 - val_accuracy: 0.9308 - 137s/epoch - 34ms/step
Epoch 20/1000
4074/4074 - 136s - loss: 0.2435 - accuracy: 0.9239 - val_loss: 0.1884 - val_accuracy: 0.9376 - 136s/epoch - 33ms/step
Epoch 21/1000
4074/4074 - 137s - loss: 0.2348 - accuracy: 0.9223 - val_loss: 0.2472 - val_accuracy: 0.9108 - 137s/epoch - 34ms/step
Epoch 22/1000
4074/4074 - 137s - loss: 0.2137 - accuracy: 0.9250 - val_loss: 0.1717 - val_accuracy: 0.9405 - 137s/epoch - 34ms/step
Epoch 23/1000
4074/4074 - 137s - loss: 0.2180 - accuracy: 0.9275 - val_loss: 0.1400 - val_accuracy: 0.9499 - 137s/epoch - 34ms/step
Epoch 24/1000
4074/4074 - 137s - loss: 0.2155 - accuracy: 0.9286 - val_loss: 0.2130 - val_accuracy: 0.9199 - 137s/epoch - 34ms/step
Epoch 25/1000
4074/4074 - 136s - loss: 0.2094 - accuracy: 0.9274 - val_loss: 0.1416 - val_accuracy: 0.9509 - 136s/epoch - 34ms/step
Epoch 26/1000
4074/4074 - 137s - loss: 0.1986 - accuracy: 0.9261 - val_loss: 0.1420 - val_accuracy: 0.9507 - 137s/epoch - 34ms/step
Epoch 27/1000
4074/4074 - 135s - loss: 0.1844 - accuracy: 0.9264 - val_loss: 0.1913 - val_accuracy: 0.9354 - 135s/epoch - 33ms/step
Epoch 28/1000
4074/4074 - 134s - loss: 0.1798 - accuracy: 0.9292 - val_loss: 0.2835 - val_accuracy: 0.9058 - 134s/epoch - 33ms/step
Epoch 29/1000
4074/4074 - 134s - loss: 0.1854 - accuracy: 0.9278 - val_loss: 0.1355 - val_accuracy: 0.9524 - 134s/epoch - 33ms/step
Epoch 30/1000
4074/4074 - 134s - loss: 0.1880 - accuracy: 0.9290 - val_loss: 0.2007 - val_accuracy: 0.9250 - 134s/epoch - 33ms/step
Epoch 31/1000
4074/4074 - 134s - loss: 0.2389 - accuracy: 0.9305 - val_loss: 0.3215 - val_accuracy: 0.8860 - 134s/epoch - 33ms/step
Epoch 32/1000
4074/4074 - 134s - loss: 0.2269 - accuracy: 0.9299 - val_loss: 0.2737 - val_accuracy: 0.9065 - 134s/epoch - 33ms/step
Epoch 33/1000
4074/4074 - 134s - loss: 0.2129 - accuracy: 0.9298 - val_loss: 0.1798 - val_accuracy: 0.9386 - 134s/epoch - 33ms/step
Epoch 34/1000
4074/4074 - 136s - loss: 0.2016 - accuracy: 0.9342 - val_loss: 0.1766 - val_accuracy: 0.9334 - 136s/epoch - 33ms/step
Epoch 35/1000
4074/4074 - 135s - loss: 0.5861 - accuracy: 0.9322 - val_loss: 0.1177 - val_accuracy: 0.9567 - 135s/epoch - 33ms/step
Epoch 36/1000
4074/4074 - 134s - loss: 0.1912 - accuracy: 0.9271 - val_loss: 0.1612 - val_accuracy: 0.9453 - 134s/epoch - 33ms/step
Epoch 37/1000
4074/4074 - 134s - loss: 0.1827 - accuracy: 0.9332 - val_loss: 0.2872 - val_accuracy: 0.9094 - 134s/epoch - 33ms/step
Epoch 38/1000
4074/4074 - 134s - loss: 1.6188 - accuracy: 0.9308 - val_loss: 0.1895 - val_accuracy: 0.9366 - 134s/epoch - 33ms/step
Epoch 39/1000
4074/4074 - 134s - loss: 0.1563 - accuracy: 0.9333 - val_loss: 0.2681 - val_accuracy: 0.9105 - 134s/epoch - 33ms/step
Epoch 40/1000
4074/4074 - 134s - loss: 0.2093 - accuracy: 0.9332 - val_loss: 0.1540 - val_accuracy: 0.9446 - 134s/epoch - 33ms/step
Epoch 41/1000
4074/4074 - 134s - loss: 0.1835 - accuracy: 0.9306 - val_loss: 0.1929 - val_accuracy: 0.9319 - 134s/epoch - 33ms/step
Epoch 42/1000
4074/4074 - 134s - loss: 0.1840 - accuracy: 0.9313 - val_loss: 0.1221 - val_accuracy: 0.9557 - 134s/epoch - 33ms/step
Epoch 43/1000
4074/4074 - 134s - loss: 0.1842 - accuracy: 0.9293 - val_loss: 0.1551 - val_accuracy: 0.9443 - 134s/epoch - 33ms/step
Epoch 44/1000
4074/4074 - 134s - loss: 4.5030 - accuracy: 0.9344 - val_loss: 0.2144 - val_accuracy: 0.9237 - 134s/epoch - 33ms/step
Epoch 45/1000
4074/4074 - 134s - loss: 0.1735 - accuracy: 0.9325 - val_loss: 0.2159 - val_accuracy: 0.9369 - 134s/epoch - 33ms/step
Epoch 46/1000
4074/4074 - 134s - loss: 0.1881 - accuracy: 0.9340 - val_loss: 0.1244 - val_accuracy: 0.9575 - 134s/epoch - 33ms/step
Epoch 47/1000
4074/4074 - 134s - loss: 0.1811 - accuracy: 0.9304 - val_loss: 0.1652 - val_accuracy: 0.9418 - 134s/epoch - 33ms/step
Epoch 48/1000
4074/4074 - 134s - loss: 0.5147 - accuracy: 0.9321 - val_loss: 0.1770 - val_accuracy: 0.9381 - 134s/epoch - 33ms/step
Epoch 49/1000
4074/4074 - 134s - loss: 0.2042 - accuracy: 0.9332 - val_loss: 0.2219 - val_accuracy: 0.9214 - 134s/epoch - 33ms/step
Epoch 50/1000
4074/4074 - 134s - loss: 0.6641 - accuracy: 0.9328 - val_loss: 0.1434 - val_accuracy: 0.9491 - 134s/epoch - 33ms/step
Epoch 51/1000
4074/4074 - 134s - loss: 0.1780 - accuracy: 0.9294 - val_loss: 0.2343 - val_accuracy: 0.9150 - 134s/epoch - 33ms/step
Epoch 52/1000
4074/4074 - 134s - loss: 0.3169 - accuracy: 0.9361 - val_loss: 0.1643 - val_accuracy: 0.9442 - 134s/epoch - 33ms/step
Epoch 53/1000
4074/4074 - 134s - loss: 0.2167 - accuracy: 0.9328 - val_loss: 0.1888 - val_accuracy: 0.9345 - 134s/epoch - 33ms/step
Epoch 54/1000
4074/4074 - 134s - loss: 0.2071 - accuracy: 0.9329 - val_loss: 0.1898 - val_accuracy: 0.9364 - 134s/epoch - 33ms/step
Epoch 55/1000
4074/4074 - 134s - loss: 0.3358 - accuracy: 0.9371 - val_loss: 0.2021 - val_accuracy: 0.9269 - 134s/epoch - 33ms/step
train time 2.20 h
[aug] B_val macro-F1 0.8155
