GPUs: [PhysicalDevice(name='/physical_device:GPU:0', device_type='GPU')]
Epoch 1/1000
2026-10-06 16:06:05.854241: E tensorflow/core/platform/windows/subprocess.cc:287] Call to CreateProcess failed. Error code: 2, command: '"ptxas.exe" "--version"'
2026-10-06 16:06:05.857069: E tensorflow/core/platform/windows/subprocess.cc:287] Call to CreateProcess failed. Error code: 2, command: '"ptxas.exe" "--version"'
2026-10-06 16:06:05.859683: E tensorflow/core/platform/windows/subprocess.cc:287] Call to CreateProcess failed. Error code: 2, command: '"ptxas.exe" "C:\Users\HPVICT~1\AppData\Local\Temp\/tempfile-KARTIKEYA-LAPTO-1d68-18268-65d2990df4702" "-o" "C:\Users\HPVICT~1\AppData\Local\Temp\/tempfile-KARTIKEYA-LAPTO-1d68-18268-65d2990df4b41" "-arch=sm_86" "--warn-on-spills"'
1019/1019 - 133s - loss: 1.2390 - accuracy: 0.5673 - val_loss: 1.1823 - val_accuracy: 0.7093 - 133s/epoch - 131ms/step
Epoch 2/1000
1019/1019 - 118s - loss: 0.7070 - accuracy: 0.7903 - val_loss: 0.7627 - val_accuracy: 0.7199 - 118s/epoch - 116ms/step
Epoch 3/1000
1019/1019 - 119s - loss: 0.5784 - accuracy: 0.8358 - val_loss: 0.4544 - val_accuracy: 0.8418 - 119s/epoch - 117ms/step
Epoch 4/1000
1019/1019 - 120s - loss: 0.3928 - accuracy: 0.8779 - val_loss: 0.9967 - val_accuracy: 0.6691 - 120s/epoch - 117ms/step
Epoch 5/1000
1019/1019 - 119s - loss: 0.3330 - accuracy: 0.8832 - val_loss: 0.3321 - val_accuracy: 0.8897 - 119s/epoch - 117ms/step
Epoch 6/1000
1019/1019 - 119s - loss: 0.2853 - accuracy: 0.9030 - val_loss: 0.3626 - val_accuracy: 0.8787 - 119s/epoch - 117ms/step
Epoch 7/1000
1019/1019 - 118s - loss: 0.2695 - accuracy: 0.9097 - val_loss: 0.1507 - val_accuracy: 0.9499 - 118s/epoch - 116ms/step
Epoch 8/1000
1019/1019 - 119s - loss: 0.2361 - accuracy: 0.9171 - val_loss: 0.1343 - val_accuracy: 0.9562 - 119s/epoch - 117ms/step
Epoch 9/1000
1019/1019 - 150s - loss: 0.1810 - accuracy: 0.9273 - val_loss: 0.2335 - val_accuracy: 0.9235 - 150s/epoch - 147ms/step
Epoch 10/1000
1019/1019 - 155s - loss: 0.2363 - accuracy: 0.9139 - val_loss: 0.2401 - val_accuracy: 0.9222 - 155s/epoch - 152ms/step
Epoch 11/1000
1019/1019 - 157s - loss: 0.1521 - accuracy: 0.9331 - val_loss: 0.2418 - val_accuracy: 0.9219 - 157s/epoch - 154ms/step
Epoch 12/1000
1019/1019 - 156s - loss: 0.1553 - accuracy: 0.9302 - val_loss: 0.1544 - val_accuracy: 0.9423 - 156s/epoch - 153ms/step
Epoch 13/1000
1019/1019 - 145s - loss: 0.0990 - accuracy: 0.9425 - val_loss: 0.1311 - val_accuracy: 0.9558 - 145s/epoch - 143ms/step
Epoch 14/1000
1019/1019 - 129s - loss: 0.2169 - accuracy: 0.9294 - val_loss: 0.2784 - val_accuracy: 0.9019 - 129s/epoch - 126ms/step
Epoch 15/1000
1019/1019 - 128s - loss: 0.1146 - accuracy: 0.9425 - val_loss: 0.1983 - val_accuracy: 0.9319 - 128s/epoch - 125ms/step
Epoch 16/1000
1019/1019 - 125s - loss: 0.0873 - accuracy: 0.9440 - val_loss: 0.2269 - val_accuracy: 0.9250 - 125s/epoch - 123ms/step
Epoch 17/1000
1019/1019 - 119s - loss: 0.1358 - accuracy: 0.9434 - val_loss: 0.1289 - val_accuracy: 0.9613 - 119s/epoch - 117ms/step
Epoch 18/1000
1019/1019 - 116s - loss: 0.0543 - accuracy: 0.9573 - val_loss: 0.2475 - val_accuracy: 0.9238 - 116s/epoch - 114ms/step
Epoch 19/1000
1019/1019 - 117s - loss: 0.0684 - accuracy: 0.9516 - val_loss: 0.2728 - val_accuracy: 0.9186 - 117s/epoch - 114ms/step
Epoch 20/1000
1019/1019 - 117s - loss: 0.0567 - accuracy: 0.9586 - val_loss: 0.2475 - val_accuracy: 0.9256 - 117s/epoch - 115ms/step
Epoch 21/1000
1019/1019 - 118s - loss: 0.0672 - accuracy: 0.9596 - val_loss: 0.2549 - val_accuracy: 0.9110 - 118s/epoch - 116ms/step
Epoch 22/1000
1019/1019 - 118s - loss: 0.0663 - accuracy: 0.9511 - val_loss: 0.1567 - val_accuracy: 0.9523 - 118s/epoch - 116ms/step
Epoch 23/1000
1019/1019 - 118s - loss: 0.0630 - accuracy: 0.9558 - val_loss: 0.2147 - val_accuracy: 0.9354 - 118s/epoch - 116ms/step
Epoch 24/1000
1019/1019 - 118s - loss: 0.2575 - accuracy: 0.9371 - val_loss: 0.1295 - val_accuracy: 0.9575 - 118s/epoch - 116ms/step
Epoch 25/1000
1019/1019 - 118s - loss: 0.0679 - accuracy: 0.9568 - val_loss: 0.1474 - val_accuracy: 0.9558 - 118s/epoch - 115ms/step
Epoch 26/1000
1019/1019 - 118s - loss: 0.0317 - accuracy: 0.9729 - val_loss: 0.1375 - val_accuracy: 0.9623 - 118s/epoch - 115ms/step
Epoch 27/1000
1019/1019 - 117s - loss: 0.0486 - accuracy: 0.9638 - val_loss: 0.1266 - val_accuracy: 0.9654 - 117s/epoch - 115ms/step
Epoch 28/1000
1019/1019 - 117s - loss: 0.0601 - accuracy: 0.9639 - val_loss: 0.1349 - val_accuracy: 0.9570 - 117s/epoch - 115ms/step
Epoch 29/1000
1019/1019 - 117s - loss: 0.0673 - accuracy: 0.9593 - val_loss: 0.1673 - val_accuracy: 0.9507 - 117s/epoch - 115ms/step
Epoch 30/1000
1019/1019 - 117s - loss: 0.0851 - accuracy: 0.9604 - val_loss: 0.1321 - val_accuracy: 0.9605 - 117s/epoch - 115ms/step
Epoch 31/1000
1019/1019 - 117s - loss: 0.0294 - accuracy: 0.9730 - val_loss: 0.1393 - val_accuracy: 0.9643 - 117s/epoch - 115ms/step
Epoch 32/1000
1019/1019 - 117s - loss: 0.0179 - accuracy: 0.9787 - val_loss: 0.1737 - val_accuracy: 0.9580 - 117s/epoch - 114ms/step
Epoch 33/1000
1019/1019 - 116s - loss: 0.0742 - accuracy: 0.9603 - val_loss: 0.1165 - val_accuracy: 0.9672 - 116s/epoch - 114ms/step
Epoch 34/1000
1019/1019 - 116s - loss: 0.0616 - accuracy: 0.9634 - val_loss: 0.2086 - val_accuracy: 0.9367 - 116s/epoch - 114ms/step
Epoch 35/1000
1019/1019 - 118s - loss: 0.0476 - accuracy: 0.9717 - val_loss: 0.1686 - val_accuracy: 0.9545 - 118s/epoch - 115ms/step
Epoch 36/1000
1019/1019 - 118s - loss: 0.0312 - accuracy: 0.9741 - val_loss: 0.1474 - val_accuracy: 0.9664 - 118s/epoch - 115ms/step
Epoch 37/1000
1019/1019 - 118s - loss: 0.0499 - accuracy: 0.9692 - val_loss: 0.1455 - val_accuracy: 0.9564 - 118s/epoch - 115ms/step
Epoch 38/1000
1019/1019 - 117s - loss: 0.0244 - accuracy: 0.9764 - val_loss: 0.1166 - val_accuracy: 0.9729 - 117s/epoch - 115ms/step
Epoch 39/1000
1019/1019 - 117s - loss: 0.0294 - accuracy: 0.9720 - val_loss: 0.1988 - val_accuracy: 0.9529 - 117s/epoch - 115ms/step
Epoch 40/1000
1019/1019 - 116s - loss: 0.0739 - accuracy: 0.9592 - val_loss: 0.1968 - val_accuracy: 0.9527 - 116s/epoch - 114ms/step
Epoch 41/1000
1019/1019 - 116s - loss: 0.0263 - accuracy: 0.9736 - val_loss: 0.1261 - val_accuracy: 0.9705 - 116s/epoch - 114ms/step
Epoch 42/1000
1019/1019 - 116s - loss: 0.0256 - accuracy: 0.9764 - val_loss: 0.1178 - val_accuracy: 0.9716 - 116s/epoch - 114ms/step
Epoch 43/1000
1019/1019 - 116s - loss: 0.0305 - accuracy: 0.9781 - val_loss: 0.1347 - val_accuracy: 0.9659 - 116s/epoch - 114ms/step
Epoch 44/1000
1019/1019 - 116s - loss: 0.0263 - accuracy: 0.9745 - val_loss: 0.1435 - val_accuracy: 0.9637 - 116s/epoch - 114ms/step
Epoch 45/1000
1019/1019 - 117s - loss: 0.0651 - accuracy: 0.9758 - val_loss: 0.1860 - val_accuracy: 0.9513 - 117s/epoch - 114ms/step
Epoch 46/1000
1019/1019 - 117s - loss: 0.1822 - accuracy: 0.9558 - val_loss: 0.1391 - val_accuracy: 0.9624 - 117s/epoch - 115ms/step
Epoch 47/1000
1019/1019 - 148s - loss: 0.0458 - accuracy: 0.9738 - val_loss: 0.2404 - val_accuracy: 0.9388 - 148s/epoch - 145ms/step
Epoch 48/1000
1019/1019 - 155s - loss: 0.0167 - accuracy: 0.9827 - val_loss: 0.1639 - val_accuracy: 0.9566 - 155s/epoch - 152ms/step
Epoch 49/1000
1019/1019 - 155s - loss: 0.0091 - accuracy: 0.9875 - val_loss: 0.1671 - val_accuracy: 0.9623 - 155s/epoch - 152ms/step
Epoch 50/1000
1019/1019 - 157s - loss: 0.0302 - accuracy: 0.9733 - val_loss: 0.1531 - val_accuracy: 0.9613 - 157s/epoch - 154ms/step
Epoch 51/1000
1019/1019 - 157s - loss: 0.0864 - accuracy: 0.9630 - val_loss: 0.1449 - val_accuracy: 0.9651 - 157s/epoch - 154ms/step
Epoch 52/1000
1019/1019 - 156s - loss: 0.0242 - accuracy: 0.9790 - val_loss: 0.1463 - val_accuracy: 0.9625 - 156s/epoch - 154ms/step
Epoch 53/1000
1019/1019 - 158s - loss: 0.0194 - accuracy: 0.9817 - val_loss: 0.1492 - val_accuracy: 0.9657 - 158s/epoch - 155ms/step
train time 1.86 h
[ctrl] B_val macro-F1 0.8174
