GPUs: [PhysicalDevice(name='/physical_device:GPU:0', device_type='GPU')]
Epoch 1/1000
2026-10-06 20:32:12.327775: E tensorflow/core/platform/windows/subprocess.cc:287] Call to CreateProcess failed. Error code: 2, command: '"ptxas.exe" "--version"'
2026-10-06 20:32:12.329058: E tensorflow/core/platform/windows/subprocess.cc:287] Call to CreateProcess failed. Error code: 2, command: '"ptxas.exe" "--version"'
2026-10-06 20:32:12.331254: E tensorflow/core/platform/windows/subprocess.cc:287] Call to CreateProcess failed. Error code: 2, command: '"ptxas.exe" "C:\Users\HPVICT~1\AppData\Local\Temp\/tempfile-KARTIKEYA-LAPTO-58d8-27544-65d2d488c4dae" "-o" "C:\Users\HPVICT~1\AppData\Local\Temp\/tempfile-KARTIKEYA-LAPTO-58d8-27544-65d2d488c513b" "-arch=sm_86" "--warn-on-spills"'
4074/4074 - 258s - loss: 1.1711 - accuracy: 0.6769 - val_loss: 0.6675 - val_accuracy: 0.7540 - 258s/epoch - 63ms/step
Epoch 2/1000
4074/4074 - 247s - loss: 0.5905 - accuracy: 0.8431 - val_loss: 0.2746 - val_accuracy: 0.9454 - 247s/epoch - 61ms/step
Epoch 3/1000
4074/4074 - 246s - loss: 0.4500 - accuracy: 0.8833 - val_loss: 0.2407 - val_accuracy: 0.9161 - 246s/epoch - 60ms/step
Epoch 4/1000
4074/4074 - 245s - loss: 0.3550 - accuracy: 0.8966 - val_loss: 0.2306 - val_accuracy: 0.9251 - 245s/epoch - 60ms/step
Epoch 5/1000
4074/4074 - 245s - loss: 0.2999 - accuracy: 0.9061 - val_loss: 0.2144 - val_accuracy: 0.9235 - 245s/epoch - 60ms/step
Epoch 6/1000
4074/4074 - 244s - loss: 0.2578 - accuracy: 0.9136 - val_loss: 0.2295 - val_accuracy: 0.9192 - 244s/epoch - 60ms/step
Epoch 7/1000
4074/4074 - 244s - loss: 0.2058 - accuracy: 0.9194 - val_loss: 0.2381 - val_accuracy: 0.9133 - 244s/epoch - 60ms/step
Epoch 8/1000
4074/4074 - 244s - loss: 0.1920 - accuracy: 0.9265 - val_loss: 0.1710 - val_accuracy: 0.9423 - 244s/epoch - 60ms/step
Epoch 9/1000
4074/4074 - 244s - loss: 0.2911 - accuracy: 0.9232 - val_loss: 0.2472 - val_accuracy: 0.9153 - 244s/epoch - 60ms/step
Epoch 10/1000
4074/4074 - 244s - loss: 0.1610 - accuracy: 0.9297 - val_loss: 0.2424 - val_accuracy: 0.9176 - 244s/epoch - 60ms/step
Epoch 11/1000
4074/4074 - 244s - loss: 0.1466 - accuracy: 0.9356 - val_loss: 0.2212 - val_accuracy: 0.9210 - 244s/epoch - 60ms/step
Epoch 12/1000
4074/4074 - 244s - loss: 0.1742 - accuracy: 0.9348 - val_loss: 0.5313 - val_accuracy: 0.8086 - 244s/epoch - 60ms/step
Epoch 13/1000
4074/4074 - 244s - loss: 0.1907 - accuracy: 0.9371 - val_loss: 0.1836 - val_accuracy: 0.9376 - 244s/epoch - 60ms/step
Epoch 14/1000
4074/4074 - 244s - loss: 0.1080 - accuracy: 0.9454 - val_loss: 0.2016 - val_accuracy: 0.9329 - 244s/epoch - 60ms/step
Epoch 15/1000
4074/4074 - 244s - loss: 0.1112 - accuracy: 0.9444 - val_loss: 0.1260 - val_accuracy: 0.9588 - 244s/epoch - 60ms/step
Epoch 16/1000
4074/4074 - 243s - loss: 0.2324 - accuracy: 0.9400 - val_loss: 0.1427 - val_accuracy: 0.9542 - 243s/epoch - 60ms/step
Epoch 17/1000
4074/4074 - 243s - loss: 0.1144 - accuracy: 0.9468 - val_loss: 0.1224 - val_accuracy: 0.9577 - 243s/epoch - 60ms/step
Epoch 18/1000
4074/4074 - 243s - loss: 0.2526 - accuracy: 0.9325 - val_loss: 0.1565 - val_accuracy: 0.9464 - 243s/epoch - 60ms/step
Epoch 19/1000
4074/4074 - 243s - loss: 0.1309 - accuracy: 0.9490 - val_loss: 0.1463 - val_accuracy: 0.9508 - 243s/epoch - 60ms/step
Epoch 20/1000
4074/4074 - 243s - loss: 0.2191 - accuracy: 0.9433 - val_loss: 0.2192 - val_accuracy: 0.9295 - 243s/epoch - 60ms/step
Epoch 21/1000
4074/4074 - 243s - loss: 0.0699 - accuracy: 0.9567 - val_loss: 0.2080 - val_accuracy: 0.9322 - 243s/epoch - 60ms/step
Epoch 22/1000
4074/4074 - 243s - loss: 0.1697 - accuracy: 0.9432 - val_loss: 0.1434 - val_accuracy: 0.9517 - 243s/epoch - 60ms/step
Epoch 23/1000
4074/4074 - 243s - loss: 0.2510 - accuracy: 0.9342 - val_loss: 0.1827 - val_accuracy: 0.9432 - 243s/epoch - 60ms/step
Epoch 24/1000
4074/4074 - 243s - loss: 0.0687 - accuracy: 0.9590 - val_loss: 0.1145 - val_accuracy: 0.9664 - 243s/epoch - 60ms/step
Epoch 25/1000
4074/4074 - 243s - loss: 0.0952 - accuracy: 0.9482 - val_loss: 0.1313 - val_accuracy: 0.9600 - 243s/epoch - 60ms/step
Epoch 26/1000
4074/4074 - 242s - loss: 0.1514 - accuracy: 0.9478 - val_loss: 0.1473 - val_accuracy: 0.9522 - 242s/epoch - 60ms/step
Epoch 27/1000
4074/4074 - 242s - loss: 0.0957 - accuracy: 0.9518 - val_loss: 0.1898 - val_accuracy: 0.9399 - 242s/epoch - 60ms/step
Epoch 28/1000
4074/4074 - 242s - loss: 0.1728 - accuracy: 0.9498 - val_loss: 0.9268 - val_accuracy: 0.7227 - 242s/epoch - 59ms/step
Epoch 29/1000
4074/4074 - 242s - loss: 0.1360 - accuracy: 0.9514 - val_loss: 0.1502 - val_accuracy: 0.9553 - 242s/epoch - 59ms/step
Epoch 30/1000
4074/4074 - 242s - loss: 0.0928 - accuracy: 0.9617 - val_loss: 0.1246 - val_accuracy: 0.9662 - 242s/epoch - 59ms/step
Epoch 31/1000
4074/4074 - 242s - loss: 0.0903 - accuracy: 0.9563 - val_loss: 0.3928 - val_accuracy: 0.8821 - 242s/epoch - 59ms/step
Epoch 32/1000
4074/4074 - 242s - loss: 0.1305 - accuracy: 0.9495 - val_loss: 0.1290 - val_accuracy: 0.9625 - 242s/epoch - 59ms/step
Epoch 33/1000
4074/4074 - 242s - loss: 0.1938 - accuracy: 0.9533 - val_loss: 0.1529 - val_accuracy: 0.9575 - 242s/epoch - 60ms/step
Epoch 34/1000
4074/4074 - 242s - loss: 0.1284 - accuracy: 0.9538 - val_loss: 0.2403 - val_accuracy: 0.9237 - 242s/epoch - 59ms/step
Epoch 35/1000
4074/4074 - 242s - loss: 0.0573 - accuracy: 0.9638 - val_loss: 0.2033 - val_accuracy: 0.9426 - 242s/epoch - 60ms/step
Epoch 36/1000
4074/4074 - 242s - loss: 0.2113 - accuracy: 0.9497 - val_loss: 0.1549 - val_accuracy: 0.9586 - 242s/epoch - 59ms/step
Epoch 37/1000
4074/4074 - 242s - loss: 0.1526 - accuracy: 0.9583 - val_loss: 0.2091 - val_accuracy: 0.9439 - 242s/epoch - 60ms/step
Epoch 38/1000
4074/4074 - 242s - loss: 3.7664 - accuracy: 0.9482 - val_loss: 0.1717 - val_accuracy: 0.9563 - 242s/epoch - 59ms/step
Epoch 39/1000
4074/4074 - 243s - loss: 0.2279 - accuracy: 0.9472 - val_loss: 0.1604 - val_accuracy: 0.9575 - 243s/epoch - 60ms/step
Epoch 40/1000
4074/4074 - 243s - loss: 0.0711 - accuracy: 0.9625 - val_loss: 0.1415 - val_accuracy: 0.9645 - 243s/epoch - 60ms/step
Epoch 41/1000
4074/4074 - 242s - loss: 0.0942 - accuracy: 0.9583 - val_loss: 0.1826 - val_accuracy: 0.9542 - 242s/epoch - 60ms/step
Epoch 42/1000
4074/4074 - 242s - loss: 0.2939 - accuracy: 0.9395 - val_loss: 0.1647 - val_accuracy: 0.9545 - 242s/epoch - 59ms/step
Epoch 43/1000
4074/4074 - 243s - loss: 0.0617 - accuracy: 0.9631 - val_loss: 0.1355 - val_accuracy: 0.9693 - 243s/epoch - 60ms/step
Epoch 44/1000
4074/4074 - 242s - loss: 0.3892 - accuracy: 0.9379 - val_loss: 0.3344 - val_accuracy: 0.8958 - 242s/epoch - 59ms/step
train time 2.98 h
[imnet] B_val macro-F1 0.8478
